[1/132] Generating generated/application/souffle_rules.hpp
[2/132] Checking generated semantic catalog contracts
catalog clean; catalog_hash=c4f426232c34739c83a3d15c3bd91b4d4f8934ec8853f8efaa7a27939e37e9f7
[3/132] Building CXX object CMakeFiles/cidx_ast.dir/src/ast/usr.cpp.o
[4/132] Building CXX object CMakeFiles/cidx_ast.dir/src/ast/front_end_reuse.cpp.o
[5/132] Building CXX object CMakeFiles/cidx_ast.dir/src/ast/mint_builder.cpp.o
[6/132] Building CXX object CMakeFiles/cidx_ast.dir/src/ast/storage_symbol_sink.cpp.o
[7/132] Building CXX object CMakeFiles/cidx_ast.dir/src/ast/kind_map.cpp.o
[8/132] Building CXX object CMakeFiles/cidx_ast.dir/src/ast/storage_edge_sink.cpp.o
[9/132] Building CXX object CMakeFiles/cidx_ast.dir/src/ast/symbol_extractor.cpp.o
[10/132] Building CXX object CMakeFiles/cidx_ast.dir/src/ast/template_argument_encoder.cpp.o
[11/132] Building CXX object CMakeFiles/cidx_ast.dir/src/ast/decl_flags.cpp.o
[12/132] Building CXX object CMakeFiles/cidx_ast.dir/src/ast/location.cpp.o
[13/132] Building CXX object CMakeFiles/cidx_ast.dir/src/ast/names.cpp.o
[14/132] Building CXX object CMakeFiles/cidx_ast.dir/src/ast/display_name_rewrite.cpp.o
[15/132] Building CXX object CMakeFiles/cidx_ast.dir/src/ast/type_use.cpp.o
[16/132] Building CXX object CMakeFiles/cidx_ast.dir/src/ast/value_provenance.cpp.o
[17/132] Building CXX object CMakeFiles/cidx_ast.dir/src/ast/symbol_visitor.cpp.o
[18/132] Building CXX object CMakeFiles/cidx_ast.dir/src/ast/edge_emission_context.cpp.o
[19/132] Building CXX object CMakeFiles/cidx_ast.dir/src/ast/instance_minter.cpp.o
[20/132] Building CXX object CMakeFiles/cidx_ast.dir/src/ast/type_graph.cpp.o
[21/132] Building CXX object CMakeFiles/cidx_ast.dir/src/ast/call_template_args.cpp.o
[22/132] Building CXX object CMakeFiles/cidx_ast.dir/src/ast/fact_identity.cpp.o
[23/132] Building CXX object CMakeFiles/cidx_ast.dir/src/ast/controlled_header_writer.cpp.o
[24/132] Building CXX object CMakeFiles/cidx_ast.dir/src/ast/declaration_edge_visitor.cpp.o
[25/132] Building CXX object CMakeFiles/cidx_ast.dir/src/ast/receiver_provenance.cpp.o
[26/132] Building CXX object CMakeFiles/cidx_ast.dir/src/ast/indexing_plan.cpp.o
[27/132] Building CXX object CMakeFiles/cidx_ast.dir/src/ast/instantiation_edges.cpp.o
[28/132] Building CXX object CMakeFiles/cidx_ast.dir/src/ast/fact_extraction.cpp.o
[29/132] Building CXX object CMakeFiles/cidx_ast.dir/src/ast/call_edge_emitter.cpp.o
[30/132] Building CXX object CMakeFiles/cidx_ast.dir/src/ast/function_definition_visitor.cpp.o
[31/132] Building CXX object CMakeFiles/cidx_ast.dir/src/ast/clang_version.cpp.o
[32/132] Building CXX object CMakeFiles/cidx_ast.dir/src/ast/owned_header_plan.cpp.o
[33/132] Building CXX object CMakeFiles/cidx_ast.dir/src/ast/pass_registry.cpp.o
[34/132] Building CXX object CMakeFiles/cidx_extract.dir/src/extract/plan_identity.cpp.o
[35/132] Building CXX object CMakeFiles/cidx_hygiene.dir/src/include_hygiene/planner.cpp.o
[36/132] Building CXX object CMakeFiles/cidx_extract.dir/src/extract/plan_json.cpp.o
[37/132] Building CXX object CMakeFiles/cidx_extract.dir/src/extract/matcher_catalog.cpp.o
[38/132] Building CXX object CMakeFiles/cidx_hygiene.dir/src/include_hygiene/executor.cpp.o
[39/132] Building CXX object CMakeFiles/cidx_extract.dir/src/extract/validator_structure.cpp.o
[40/132] Building CXX object CMakeFiles/cidx_ast.dir/src/ast/fact_batch_artifact.cpp.o
[41/132] Building CXX object CMakeFiles/cidx_ast.dir/src/ast/statement_edge_visitor.cpp.o
[42/132] Building CXX object CMakeFiles/cidx_extract.dir/src/extract/extension_facts.cpp.o
[43/132] Building CXX object CMakeFiles/cidx_ast.dir/src/ast/include_facts.cpp.o
[44/132] Building CXX object CMakeFiles/cidx_extract.dir/src/extract/artifact.cpp.o
[45/132] Building CXX object CMakeFiles/cidx_ast.dir/src/ast/namespace_use_visitor.cpp.o
[46/132] Building CXX object CMakeFiles/cidx_extract.dir/src/extract/matcher_root_binding.cpp.o
[47/132] Building CXX object CMakeFiles/cidx_core.dir/src/application/registry.cpp.o
[48/132] Building CXX object CMakeFiles/cidx_extract.dir/src/extract/validator_matchers.cpp.o
[49/132] Building CXX object CMakeFiles/cidx_core.dir/src/application/agent_tools.cpp.o
[50/132] Building CXX object CMakeFiles/cidx_hygiene.dir/src/include_hygiene/validator.cpp.o
[51/132] Building CXX object CMakeFiles/cidx_ast.dir/src/ast/routed_root_events.cpp.o
[52/132] Building CXX object CMakeFiles/cidx_core.dir/src/util/env.cpp.o
[53/132] Building CXX object CMakeFiles/cidx_core.dir/src/util/logger.cpp.o
[54/132] Building CXX object CMakeFiles/cidx_core.dir/src/application/conformance_schema.cpp.o
[55/132] Building CXX object CMakeFiles/cidx_core.dir/src/util/subprocess.cpp.o
[56/132] Building CXX object CMakeFiles/cidx_core.dir/src/util/hashing.cpp.o
[57/132] Building CXX object CMakeFiles/cidx_core.dir/src/util/json_min.cpp.o
[58/132] Building CXX object CMakeFiles/cidx_core.dir/src/application/conformance_recorder.cpp.o
[59/132] Building CXX object CMakeFiles/cidx_core.dir/src/util/artifact_io.cpp.o
[60/132] Building CXX object CMakeFiles/cidx_core.dir/src/util/repo.cpp.o
[61/132] Building CXX object CMakeFiles/cidx_core.dir/src/util/front_end_reuse.cpp.o
[62/132] Building CXX object CMakeFiles/cidx_core.dir/src/util/files.cpp.o
[63/132] Building CXX object CMakeFiles/cidx_compiledb.dir/src/compiledb/compiledb.cpp.o
[64/132] Building CXX object CMakeFiles/cidx_core.dir/src/storage/sqlite.cpp.o
[65/132] Building CXX object CMakeFiles/cidx_core.dir/src/profile/index_profile.cpp.o
[66/132] Building CXX object CMakeFiles/cidx_core.dir/src/storage/sqlite_adapters.cpp.o
[67/132] Building CXX object CMakeFiles/cidx_core.dir/src/util/pathutil.cpp.o
[68/132] Building CXX object CMakeFiles/cidx_core.dir/src/application/services.cpp.o
[69/132] Building CXX object CMakeFiles/cidx_core.dir/src/storage/transforms.cpp.o
[70/132] Building CXX object CMakeFiles/cidx_core.dir/src/storage/storage.cpp.o
[71/132] Building CXX object CMakeFiles/cidx_core.dir/src/storage/storage_definitions.cpp.o
[72/132] Building CXX object CMakeFiles/cidx_core.dir/src/storage/storage_files.cpp.o
[73/132] Building CXX object CMakeFiles/cidx_core.dir/src/storage/storage_schema.cpp.o
[74/132] Building CXX object CMakeFiles/cidx_core.dir/src/storage/storage_include.cpp.o
[75/132] Building CXX object CMakeFiles/cidx_core.dir/src/storage/storage_migrate.cpp.o
[76/132] Building CXX object CMakeFiles/cidx_core.dir/src/storage/artifacts.cpp.o
[77/132] Building CXX object CMakeFiles/cidx_core.dir/src/storage/storage_repo.cpp.o
[78/132] Building CXX object CMakeFiles/cidx_core.dir/src/storage/workspace_adapter.cpp.o
[79/132] Building CXX object CMakeFiles/cidx_core.dir/src/storage/storage_applicability.cpp.o
[80/132] Building CXX object CMakeFiles/cidx_core.dir/src/storage/storage_types.cpp.o
[81/132] Building CXX object CMakeFiles/cidx_ast.dir/src/ast/fact_batch.cpp.o
[82/132] Building CXX object CMakeFiles/cidx_core.dir/src/storage/storage_symbols.cpp.o
[83/132] Building CXX object CMakeFiles/cidx_core.dir/src/cli/kind_names.cpp.o
[84/132] Building CXX object CMakeFiles/cidx_core.dir/src/storage/storage_query.cpp.o
[85/132] Building CXX object CMakeFiles/cidx_core.dir/src/cli/json_out.cpp.o
[86/132] Building CXX object CMakeFiles/cidx_core.dir/src/cli/format.cpp.o
[87/132] Building CXX object CMakeFiles/cidx_diff_ast.dir/src/diff/analyze.cpp.o
[88/132] Building CXX object CMakeFiles/cidx_core.dir/src/cli/commands.cpp.o
[89/132] Building CXX object CMakeFiles/cidx_core.dir/src/cli/application_adapter.cpp.o
[90/132] Building CXX object CMakeFiles/cidx_core.dir/src/storage/storage_entity_rollup.cpp.o
[91/132] Building CXX object CMakeFiles/cidx_core.dir/src/cli/commands_delete.cpp.o
[92/132] Building CXX object CMakeFiles/cidx_ast.dir/src/ast/index_engine.cpp.o
[93/132] Building CXX object CMakeFiles/cidx_core.dir/src/cli/commands_edit.cpp.o
[94/132] Building CXX object CMakeFiles/cidx_core.dir/src/toolchain/toolchain.cpp.o
[95/132] Building CXX object CMakeFiles/cidx_core.dir/src/cli/commands_query.cpp.o
[96/132] Building CXX object CMakeFiles/cidx_core.dir/src/cli/commands_repo.cpp.o
[97/132] Building CXX object CMakeFiles/cidx_core.dir/src/cli/commands_ingest.cpp.o
[98/132] Building CXX object CMakeFiles/cidx_astgraph_ast.dir/src/astgraph/astgraph.cpp.o
[99/132] Building CXX object CMakeFiles/cidx_core.dir/src/cli/analyze.cpp.o
[100/132] Building CXX object CMakeFiles/cidx_extract.dir/src/extract/engine.cpp.o
[101/132] Building CXX object CMakeFiles/cidx_core.dir/src/cli/commands_show.cpp.o
[102/132] Building CXX object CMakeFiles/cidx_core.dir/src/graph/emit.cpp.o
[103/132] Building CXX object CMakeFiles/cidx_core.dir/src/query/cxq.cpp.o
[104/132] Building CXX object CMakeFiles/cidx_core.dir/src/cli/commands_graph.cpp.o
[105/132] Building CXX object CMakeFiles/cidx_core.dir/src/query/result_protocol.cpp.o
[106/132] Building CXX object CMakeFiles/cidx_core.dir/src/query/plan.cpp.o
[107/132] Building CXX object CMakeFiles/cidx_core.dir/src/util/json_read.cpp.o
[108/132] Building CXX object CMakeFiles/cidx_core.dir/src/analysis/facts.cpp.o
[109/132] Building CXX object CMakeFiles/cidx_core.dir/src/ui/assets.cpp.o
[110/132] Building CXX object CMakeFiles/cidx_core.dir/src/include_hygiene/plan.cpp.o
[111/132] Building CXX object CMakeFiles/cidx_core.dir/src/analysis/runner.cpp.o
[112/132] Building CXX object CMakeFiles/cidx_core.dir/src/include_hygiene/graph.cpp.o
[113/132] Building CXX object CMakeFiles/cidx_core.dir/src/cli/include_cmd.cpp.o
[114/132] Building C object CMakeFiles/cidx_core.dir/third_party/md5/md5.c.o
[115/132] Building C object CMakeFiles/cidx_core.dir/third_party/sha1/sha1.c.o
[116/132] Building CXX object CMakeFiles/cidx_core.dir/src/ui/server.cpp.o
[117/132] Building CXX object CMakeFiles/cidx_core.dir/src/diff/target.cpp.o
[118/132] Building CXX object CMakeFiles/cidx_core.dir/src/cli/commands_ui.cpp.o
[119/132] Building CXX object CMakeFiles/cidx_core.dir/src/include_hygiene/analysis.cpp.o
[120/132] Building CXX object CMakeFiles/cidx_core.dir/src/astgraph/souffle_stub.cpp.o
[121/132] Building CXX object CMakeFiles/cidx_core.dir/src/diff/compare.cpp.o
[122/132] Building CXX object CMakeFiles/cidx.dir/src/main.cpp.o
[123/132] Building CXX object CMakeFiles/cidx_core.dir/src/diff/report.cpp.o
[124/132] Building CXX object CMakeFiles/cidx_core.dir/src/application/fact_batch_replay.cpp.o
[125/132] Building CXX object CMakeFiles/cidx_core.dir/src/cli/args.cpp.o
[126/132] Building CXX object CMakeFiles/cidx_core.dir/src/workspace/context.cpp.o
[127/132] Building CXX object CMakeFiles/cidx_core.dir/src/graph/query.cpp.o
[128/132] Building CXX object CMakeFiles/cidx_core.dir/src/diff/driver.cpp.o
[129/132] Building CXX object CMakeFiles/cidx_core.dir/src/query/exec.cpp.o
[130/132] Building CXX object CMakeFiles/cidx_core.dir/src/ui/graph_view.cpp.o
[131/132] Linking CXX static library libcidx_core.a
[132/132] Linking CXX executable cidx
